holds '\176'
holds '^'
holds '\210'
holds '('
holds 'Z'
holds '\139'
holds '\244'
holds '\146'
holds '\138'
holds '\145'
holds 'x'
holds '\129'
holds '\006'
holds '\247'
holds 'W'
holds '\158'
holds '\184'
fails 'c'
fails 'a'
