fails ({(3, 2) -> 30; (5, 9) -> 1; (8, 94) -> 0; (0, 3) -> 19; (9, 30) -> 4; (1, 3) -> 8; (3, 5) -> 8; (94, 8) -> 2; _ -> 7}, 5, [9; 3; 94; 3])
fails ({(3, 2) -> 30; (5, 9) -> 1; (8, 94) -> 0; (0, 3) -> 19; (9, 30) -> 4; (1, 3) -> 8; (3, 5) -> 8; (94, 8) -> 2; _ -> 0}, 5, [9; 3; 94; 3])
holds ({_ -> 0}, 5, [9; 3; 94; 3])
fails ({(5, 9) -> 1; (8, 94) -> 0; (0, 3) -> 19; (1, 3) -> 8; _ -> 0}, 5, [9; 3; 94; 3])
holds ({_ -> 0}, 5, [9; 3; 94; 3])
holds ({(5, 9) -> 1; (1, 3) -> 8; _ -> 0}, 5, [9; 3; 94; 3])
holds ({(5, 9) -> 1; (8, 94) -> 0; (1, 3) -> 8; _ -> 0}, 5, [9; 3; 94; 3])
fails ({(5, 9) -> 0; (8, 94) -> 0; (0, 3) -> 19; (1, 3) -> 8; _ -> 0}, 5, [9; 3; 94; 3])
fails ({(5, 9) -> 0; (8, 94) -> 0; (0, 3) -> 19; (1, 3) -> 0; _ -> 0}, 5, [9; 3; 94; 3])
holds ({(5, 9) -> 0; (8, 94) -> 0; (0, 3) -> 0; (1, 3) -> 0; _ -> 0}, 5, [9; 3; 94; 3])
fails ({(5, 9) -> 0; (8, 94) -> 0; (0, 3) -> 9; (1, 3) -> 0; _ -> 0}, 5, [9; 3; 94; 3])
holds ({(5, 9) -> 0; (8, 94) -> 0; (0, 3) -> 0; (1, 3) -> 0; _ -> 0}, 5, [9; 3; 94; 3])
fails ({(5, 9) -> 0; (8, 94) -> 0; (0, 3) -> 4; (1, 3) -> 0; _ -> 0}, 5, [9; 3; 94; 3])
holds ({(5, 9) -> 0; (8, 94) -> 0; (0, 3) -> 0; (1, 3) -> 0; _ -> 0}, 5, [9; 3; 94; 3])
fails ({(5, 9) -> 0; (8, 94) -> 0; (0, 3) -> 2; (1, 3) -> 0; _ -> 0}, 5, [9; 3; 94; 3])
holds ({(5, 9) -> 0; (8, 94) -> 0; (0, 3) -> 0; (1, 3) -> 0; _ -> 0}, 5, [9; 3; 94; 3])
fails ({(5, 9) -> 0; (8, 94) -> 0; (0, 3) -> 1; (1, 3) -> 0; _ -> 0}, 5, [9; 3; 94; 3])
holds ({(5, 9) -> 0; (8, 94) -> 0; (0, 3) -> 0; (1, 3) -> 0; _ -> 0}, 5, [9; 3; 94; 3])
fails ({(5, 9) -> 0; (8, 94) -> 0; (0, 3) -> 1; (1, 3) -> 0; _ -> 0}, 0, [9; 3; 94; 3])
holds ({(5, 9) -> 0; (8, 94) -> 0; (0, 3) -> 0; (1, 3) -> 0; _ -> 0}, 0, [9; 3; 94; 3])
holds ({(5, 9) -> 0; (8, 94) -> 0; (0, 3) -> 1; (1, 3) -> 0; _ -> 0}, 0, [])
holds ({(5, 9) -> 0; (8, 94) -> 0; (0, 3) -> 1; (1, 3) -> 0; _ -> 0}, 0, [0; 5])
holds ({(5, 9) -> 0; (8, 94) -> 0; (0, 3) -> 1; (1, 3) -> 0; _ -> 0}, 0, [18; 5; 31])
fails ({(5, 9) -> 0; (8, 94) -> 0; (0, 3) -> 1; (1, 3) -> 0; _ -> 0}, 0, [0; 3; 94; 3])
holds ({(5, 9) -> 0; (8, 94) -> 0; (0, 3) -> 0; (1, 3) -> 0; _ -> 0}, 0, [0; 3; 94; 3])
fails ({(5, 9) -> 0; (8, 94) -> 0; (0, 3) -> 1; (1, 3) -> 0; _ -> 0}, 0, [0; 0; 94; 3])
holds ({(5, 9) -> 0; (8, 94) -> 0; (0, 3) -> 0; (1, 3) -> 0; _ -> 0}, 0, [0; 0; 94; 3])
fails ({(5, 9) -> 0; (8, 94) -> 0; (0, 3) -> 1; (1, 3) -> 0; _ -> 0}, 0, [0; 0; 0; 3])
holds ({(5, 9) -> 0; (8, 94) -> 0; (0, 3) -> 0; (1, 3) -> 0; _ -> 0}, 0, [0; 0; 0; 3])
holds ({(5, 9) -> 0; (8, 94) -> 0; (0, 3) -> 1; (1, 3) -> 0; _ -> 0}, 0, [0; 0; 0; 0])
holds ({(5, 9) -> 0; (8, 94) -> 0; (0, 3) -> 1; (1, 3) -> 0; _ -> 0}, 0, [0; 0; 0; 1])
holds ({(5, 9) -> 0; (8, 94) -> 0; (0, 3) -> 1; (1, 3) -> 0; _ -> 0}, 0, [0; 0; 0; 2])
