fails ({(3, 2) -> 30; (5, 9) -> 1; (8, 94) -> 0; (0, 3) -> 19; (9, 30) -> 4; (1, 3) -> 8; (3, 5) -> 8; (94, 8) -> 2; _ -> 7}, 5, [9; 3; 94; 3])
holds ({(3, 2) -> 30; (5, 9) -> 1; (8, 94) -> 0; (0, 3) -> 19; _ -> 7}, 5, [9; 3; 94; 3])
holds ({(3, 2) -> 30; (5, 9) -> 1; (8, 94) -> 0; (94, 8) -> 2; _ -> 7}, 5, [9; 3; 94; 3])
holds ({(3, 2) -> 30; (5, 9) -> 1; (3, 5) -> 8; (94, 8) -> 2; _ -> 7}, 5, [9; 3; 94; 3])
holds ({(3, 2) -> 30; (1, 3) -> 8; (3, 5) -> 8; (94, 8) -> 2; _ -> 7}, 5, [9; 3; 94; 3])
holds ({(9, 30) -> 4; (1, 3) -> 8; (3, 5) -> 8; (94, 8) -> 2; _ -> 7}, 5, [9; 3; 94; 3])
fails ({(3, 2) -> 30; (5, 9) -> 1; (8, 94) -> 0; (0, 3) -> 19; (9, 30) -> 4; (1, 3) -> 8; _ -> 7}, 5, [9; 3; 94; 3])
holds ({(3, 2) -> 30; (5, 9) -> 1; (8, 94) -> 0; _ -> 7}, 5, [9; 3; 94; 3])
holds ({(3, 2) -> 30; (5, 9) -> 1; (1, 3) -> 8; _ -> 7}, 5, [9; 3; 94; 3])
holds ({(3, 2) -> 30; (9, 30) -> 4; (1, 3) -> 8; _ -> 7}, 5, [9; 3; 94; 3])
holds ({(0, 3) -> 19; (9, 30) -> 4; (1, 3) -> 8; _ -> 7}, 5, [9; 3; 94; 3])
holds ({(3, 2) -> 30; (5, 9) -> 1; (8, 94) -> 0; (0, 3) -> 19; (9, 30) -> 4; _ -> 7}, 5, [9; 3; 94; 3])
fails ({(3, 2) -> 30; (5, 9) -> 1; (8, 94) -> 0; (0, 3) -> 19; (1, 3) -> 8; _ -> 7}, 5, [9; 3; 94; 3])
holds ({(3, 2) -> 30; (5, 9) -> 1; _ -> 7}, 5, [9; 3; 94; 3])
holds ({(3, 2) -> 30; (1, 3) -> 8; _ -> 7}, 5, [9; 3; 94; 3])
holds ({(0, 3) -> 19; (1, 3) -> 8; _ -> 7}, 5, [9; 3; 94; 3])
holds ({(3, 2) -> 30; (5, 9) -> 1; (8, 94) -> 0; (0, 3) -> 19; _ -> 7}, 5, [9; 3; 94; 3])
holds ({(3, 2) -> 30; (5, 9) -> 1; (8, 94) -> 0; (1, 3) -> 8; _ -> 7}, 5, [9; 3; 94; 3])
holds ({(3, 2) -> 30; (5, 9) -> 1; (0, 3) -> 19; (1, 3) -> 8; _ -> 7}, 5, [9; 3; 94; 3])
holds ({(3, 2) -> 30; (8, 94) -> 0; (0, 3) -> 19; (1, 3) -> 8; _ -> 7}, 5, [9; 3; 94; 3])
fails ({(5, 9) -> 1; (8, 94) -> 0; (0, 3) -> 19; (1, 3) -> 8; _ -> 7}, 5, [9; 3; 94; 3])
holds ({(5, 9) -> 1; (8, 94) -> 0; _ -> 7}, 5, [9; 3; 94; 3])
holds ({(5, 9) -> 1; (1, 3) -> 8; _ -> 7}, 5, [9; 3; 94; 3])
holds ({(0, 3) -> 19; (1, 3) -> 8; _ -> 7}, 5, [9; 3; 94; 3])
holds ({(5, 9) -> 1; (8, 94) -> 0; (0, 3) -> 19; _ -> 7}, 5, [9; 3; 94; 3])
holds ({(5, 9) -> 1; (8, 94) -> 0; (1, 3) -> 8; _ -> 7}, 5, [9; 3; 94; 3])
holds ({(5, 9) -> 1; (0, 3) -> 19; (1, 3) -> 8; _ -> 7}, 5, [9; 3; 94; 3])
holds ({(8, 94) -> 0; (0, 3) -> 19; (1, 3) -> 8; _ -> 7}, 5, [9; 3; 94; 3])
fails ({(5, 9) -> 1; (8, 94) -> 0; (0, 3) -> 19; (1, 3) -> 8; _ -> 0}, 5, [9; 3; 94; 3])
holds ({(5, 9) -> 1; (8, 94) -> 0; _ -> 0}, 5, [9; 3; 94; 3])
holds ({(5, 9) -> 1; (1, 3) -> 8; _ -> 0}, 5, [9; 3; 94; 3])
fails ({(0, 3) -> 19; (1, 3) -> 8; _ -> 0}, 5, [9; 3; 94; 3])
fails ({(0, 3) -> 19; _ -> 0}, 5, [9; 3; 94; 3])
holds ({_ -> 0}, 5, [9; 3; 94; 3])
holds ({(0, 3) -> 0; _ -> 0}, 5, [9; 3; 94; 3])
fails ({(0, 3) -> 10; _ -> 0}, 5, [9; 3; 94; 3])
holds ({_ -> 0}, 5, [9; 3; 94; 3])
holds ({(0, 3) -> 0; _ -> 0}, 5, [9; 3; 94; 3])
fails ({(0, 3) -> 5; _ -> 0}, 5, [9; 3; 94; 3])
holds ({_ -> 0}, 5, [9; 3; 94; 3])
holds ({(0, 3) -> 0; _ -> 0}, 5, [9; 3; 94; 3])
fails ({(0, 3) -> 4; _ -> 0}, 5, [9; 3; 94; 3])
holds ({_ -> 0}, 5, [9; 3; 94; 3])
holds ({(0, 3) -> 0; _ -> 0}, 5, [9; 3; 94; 3])
fails ({(0, 3) -> 3; _ -> 0}, 5, [9; 3; 94; 3])
holds ({_ -> 0}, 5, [9; 3; 94; 3])
holds ({(0, 3) -> 0; _ -> 0}, 5, [9; 3; 94; 3])
fails ({(0, 3) -> 2; _ -> 0}, 5, [9; 3; 94; 3])
holds ({_ -> 0}, 5, [9; 3; 94; 3])
fails ({(0, 3) -> 1; _ -> 0}, 5, [9; 3; 94; 3])
holds ({_ -> 0}, 5, [9; 3; 94; 3])
holds ({(0, 3) -> 0; _ -> 0}, 5, [9; 3; 94; 3])
fails ({(0, 3) -> 1; _ -> 0}, 0, [9; 3; 94; 3])
holds ({_ -> 0}, 0, [9; 3; 94; 3])
holds ({(0, 3) -> 0; _ -> 0}, 0, [9; 3; 94; 3])
fails ({(0, 3) -> 1; _ -> 0}, 0, [94; 3])
holds ({_ -> 0}, 0, [94; 3])
holds ({(0, 3) -> 0; _ -> 0}, 0, [94; 3])
fails ({(0, 3) -> 1; _ -> 0}, 0, [3])
holds ({_ -> 0}, 0, [3])
holds ({(0, 3) -> 0; _ -> 0}, 0, [3])
holds ({(0, 3) -> 1; _ -> 0}, 0, [])
holds ({(0, 3) -> 1; _ -> 0}, 0, [0])
holds ({(0, 3) -> 1; _ -> 0}, 0, [2])
