holds 0
holds 1
holds 2
fails 4611686018427387903
