fails [...] list length: 250
holds [...] list length: 0
fails [...] list length: 125
holds [...] list length: 0
holds [...] list length: 62
holds [...] list length: 93
fails [...] list length: 109
holds [...] list length: 0
holds [...] list length: 54
holds [...] list length: 81
holds [...] list length: 95
fails [...] list length: 102
holds [...] list length: 0
holds [...] list length: 51
holds [...] list length: 77
holds [...] list length: 90
holds [...] list length: 96
holds [...] list length: 99
fails [...] list length: 101
holds [...] list length: 0
holds [...] list length: 50
holds [...] list length: 75
holds [...] list length: 88
holds [...] list length: 94
holds [...] list length: 97
holds [...] list length: 99
fails [...] list length: 100
holds [...] list length: 0
holds [...] list length: 50
holds [...] list length: 75
holds [...] list length: 88
holds [...] list length: 94
holds [...] list length: 97
holds [...] list length: 99
fails [...] list length: 100
fails [...] list length: 100
fails [...] list length: 100
fails [...] list length: 100
fails [...] list length: 100
fails [...] list length: 100
fails [...] list length: 100
fails [...] list length: 100
fails [...] list length: 100
fails [...] list length: 100
fails [...] list length: 100
fails [...] list length: 100
fails [...] list length: 100
fails [...] list length: 100
fails [...] list length: 100
fails [...] list length: 100
fails [...] list length: 100
fails [...] list length: 100
fails [...] list length: 100
fails [...] list length: 100
fails [...] list length: 100
fails [...] list length: 100
fails [...] list length: 100
fails [...] list length: 100
fails [...] list length: 100
fails [...] list length: 100
fails [...] list length: 100
fails [...] list length: 100
fails [...] list length: 100
fails [...] list length: 100
fails [...] list length: 100
fails [...] list length: 100
fails [...] list length: 100
fails [...] list length: 100
fails [...] list length: 100
fails [...] list length: 100
fails [...] list length: 100
fails [...] list length: 100
fails [...] list length: 100
fails [...] list length: 100
fails [...] list length: 100
fails [...] list length: 100
fails [...] list length: 100
fails [...] list length: 100
fails [...] list length: 100
fails [...] list length: 100
fails [...] list length: 100
fails [...] list length: 100
fails [...] list length: 100
fails [...] list length: 100
fails [...] list length: 100
fails [...] list length: 100
fails [...] list length: 100
fails [...] list length: 100
fails [...] list length: 100
fails [...] list length: 100
fails [...] list length: 100
fails [...] list length: 100
fails [...] list length: 100
fails [...] list length: 100
fails [...] list length: 100
fails [...] list length: 100
fails [...] list length: 100
fails [...] list length: 100
fails [...] list length: 100
fails [...] list length: 100
fails [...] list length: 100
fails [...] list length: 100
fails [...] list length: 100
fails [...] list length: 100
fails [...] list length: 100
fails [...] list length: 100
fails [...] list length: 100
fails [...] list length: 100
fails [...] list length: 100
fails [...] list length: 100
fails [...] list length: 100
fails [...] list length: 100
fails [...] list length: 100
fails [...] list length: 100
fails [...] list length: 100
fails [...] list length: 100
fails [...] list length: 100
fails [...] list length: 100
fails [...] list length: 100
fails [...] list length: 100
fails [...] list length: 100
