fails [9; 3; 94; 3]
holds [94; 3]
holds [9; 3]
holds [9; 3]
fails [3; 94; 3]
holds [3]
holds [3]
holds [94; 3]
fails [3; 3]
holds [3]
holds [3]
holds [2; 3]
holds [2; 3]
holds [3; 2]
holds [3; 2]
