fails [9; 3; 94; 3]
fails [94; 3]
fails [3]
holds []
fails [0]
holds []
