fails ([8; 81; 5; 3; 61; 1; 8; 3; 8; 8; 13; 6; 8; 6; 8; 2; 4; 9; 0; 55; 21; 6; 6; 0; 6; 1; 5; 5; 9; 20; 3; 7; 86; 2; 38; 2; 9; 0; 2; 5; 1; 8; 5; 4; 1; 4; 3; 48; 0; 8; 80; 4; 0; 1; 6; 0; 6; 4; 9; 4; 39; 4; 7; 6; 23; 20; 47; 2; 5; 3; 1; 7; 14; 1; 2; 94; 0; 2; 6; 38; 5; 18; 5; 31; 0; 5; 4; 30; 2; 8; 19; 0; 8; 1; 7], [9; 3; 94; 3])
fails ([0; 8; 80; 4; 0; 1; 6; 0; 6; 4; 9; 4; 39; 4; 7; 6; 23; 20; 47; 2; 5; 3; 1; 7; 14; 1; 2; 94; 0; 2; 6; 38; 5; 18; 5; 31; 0; 5; 4; 30; 2; 8; 19; 0; 8; 1; 7], [9; 3; 94; 3])
fails ([14; 1; 2; 94; 0; 2; 6; 38; 5; 18; 5; 31; 0; 5; 4; 30; 2; 8; 19; 0; 8; 1; 7], [9; 3; 94; 3])
holds ([0; 5; 4; 30; 2; 8; 19; 0; 8; 1; 7], [9; 3; 94; 3])
holds ([14; 5; 4; 30; 2; 8; 19; 0; 8; 1; 7], [9; 3; 94; 3])
holds ([14; 1; 4; 30; 2; 8; 19; 0; 8; 1; 7], [9; 3; 94; 3])
holds ([14; 1; 2; 30; 2; 8; 19; 0; 8; 1; 7], [9; 3; 94; 3])
fails ([14; 1; 2; 94; 2; 8; 19; 0; 8; 1; 7], [9; 3; 94; 3])
holds ([19; 0; 8; 1; 7], [9; 3; 94; 3])
holds ([14; 0; 8; 1; 7], [9; 3; 94; 3])
holds ([14; 1; 8; 1; 7], [9; 3; 94; 3])
holds ([14; 1; 2; 1; 7], [9; 3; 94; 3])
fails ([14; 1; 2; 94; 7], [9; 3; 94; 3])
fails ([94; 7], [9; 3; 94; 3])
holds ([7], [9; 3; 94; 3])
fails ([94], [9; 3; 94; 3])
holds ([], [9; 3; 94; 3])
holds ([47], [9; 3; 94; 3])
holds ([71], [9; 3; 94; 3])
holds ([83], [9; 3; 94; 3])
holds ([89], [9; 3; 94; 3])
holds ([92], [9; 3; 94; 3])
holds ([93], [9; 3; 94; 3])
fails ([94], [94; 3])
holds ([], [94; 3])
holds ([47], [94; 3])
holds ([71], [94; 3])
holds ([83], [94; 3])
holds ([89], [94; 3])
holds ([92], [94; 3])
holds ([93], [94; 3])
holds ([94], [3])
fails ([94], [94])
holds ([], [94])
holds ([47], [94])
holds ([71], [94])
holds ([83], [94])
holds ([89], [94])
holds ([92], [94])
holds ([93], [94])
holds ([94], [])
holds ([94], [47])
holds ([94], [71])
holds ([94], [83])
holds ([94], [89])
holds ([94], [92])
holds ([94], [93])
