fails (-4395371767932034463, -1975781842156211842, -4571327332697646483, -3285013039971199785)
fails (-2197685883966017232, -1975781842156211842, -4571327332697646483, -3285013039971199785)
fails (-1098842941983008616, -1975781842156211842, -4571327332697646483, -3285013039971199785)
fails (-549421470991504308, -1975781842156211842, -4571327332697646483, -3285013039971199785)
fails (-274710735495752154, -1975781842156211842, -4571327332697646483, -3285013039971199785)
fails (-137355367747876077, -1975781842156211842, -4571327332697646483, -3285013039971199785)
fails (-68677683873938039, -1975781842156211842, -4571327332697646483, -3285013039971199785)
fails (-34338841936969020, -1975781842156211842, -4571327332697646483, -3285013039971199785)
fails (-17169420968484510, -1975781842156211842, -4571327332697646483, -3285013039971199785)
fails (-8584710484242255, -1975781842156211842, -4571327332697646483, -3285013039971199785)
fails (-4292355242121128, -1975781842156211842, -4571327332697646483, -3285013039971199785)
fails (-2146177621060564, -1975781842156211842, -4571327332697646483, -3285013039971199785)
fails (-1073088810530282, -1975781842156211842, -4571327332697646483, -3285013039971199785)
fails (-536544405265141, -1975781842156211842, -4571327332697646483, -3285013039971199785)
fails (-268272202632571, -1975781842156211842, -4571327332697646483, -3285013039971199785)
fails (-134136101316286, -1975781842156211842, -4571327332697646483, -3285013039971199785)
fails (-67068050658143, -1975781842156211842, -4571327332697646483, -3285013039971199785)
fails (-33534025329072, -1975781842156211842, -4571327332697646483, -3285013039971199785)
fails (-16767012664536, -1975781842156211842, -4571327332697646483, -3285013039971199785)
fails (-8383506332268, -1975781842156211842, -4571327332697646483, -3285013039971199785)
fails (-4191753166134, -1975781842156211842, -4571327332697646483, -3285013039971199785)
fails (-2095876583067, -1975781842156211842, -4571327332697646483, -3285013039971199785)
fails (-1047938291534, -1975781842156211842, -4571327332697646483, -3285013039971199785)
fails (-523969145767, -1975781842156211842, -4571327332697646483, -3285013039971199785)
fails (-261984572884, -1975781842156211842, -4571327332697646483, -3285013039971199785)
fails (-130992286442, -1975781842156211842, -4571327332697646483, -3285013039971199785)
fails (-65496143221, -1975781842156211842, -4571327332697646483, -3285013039971199785)
fails (-32748071611, -1975781842156211842, -4571327332697646483, -3285013039971199785)
fails (-16374035806, -1975781842156211842, -4571327332697646483, -3285013039971199785)
fails (-8187017903, -1975781842156211842, -4571327332697646483, -3285013039971199785)
fails (-4093508952, -1975781842156211842, -4571327332697646483, -3285013039971199785)
fails (-2046754476, -1975781842156211842, -4571327332697646483, -3285013039971199785)
fails (-1023377238, -1975781842156211842, -4571327332697646483, -3285013039971199785)
fails (-511688619, -1975781842156211842, -4571327332697646483, -3285013039971199785)
fails (-255844310, -1975781842156211842, -4571327332697646483, -3285013039971199785)
fails (-127922155, -1975781842156211842, -4571327332697646483, -3285013039971199785)
fails (-63961078, -1975781842156211842, -4571327332697646483, -3285013039971199785)
fails (-31980539, -1975781842156211842, -4571327332697646483, -3285013039971199785)
fails (-15990270, -1975781842156211842, -4571327332697646483, -3285013039971199785)
fails (-7995135, -1975781842156211842, -4571327332697646483, -3285013039971199785)
fails (-3997568, -1975781842156211842, -4571327332697646483, -3285013039971199785)
fails (-1998784, -1975781842156211842, -4571327332697646483, -3285013039971199785)
fails (-999392, -1975781842156211842, -4571327332697646483, -3285013039971199785)
fails (-499696, -1975781842156211842, -4571327332697646483, -3285013039971199785)
fails (-249848, -1975781842156211842, -4571327332697646483, -3285013039971199785)
fails (-124924, -1975781842156211842, -4571327332697646483, -3285013039971199785)
fails (-62462, -1975781842156211842, -4571327332697646483, -3285013039971199785)
fails (-31231, -1975781842156211842, -4571327332697646483, -3285013039971199785)
fails (-15616, -1975781842156211842, -4571327332697646483, -3285013039971199785)
fails (-7808, -1975781842156211842, -4571327332697646483, -3285013039971199785)
fails (-3904, -1975781842156211842, -4571327332697646483, -3285013039971199785)
fails (-1952, -1975781842156211842, -4571327332697646483, -3285013039971199785)
fails (-976, -1975781842156211842, -4571327332697646483, -3285013039971199785)
fails (-488, -1975781842156211842, -4571327332697646483, -3285013039971199785)
fails (-244, -1975781842156211842, -4571327332697646483, -3285013039971199785)
fails (-122, -1975781842156211842, -4571327332697646483, -3285013039971199785)
fails (-61, -1975781842156211842, -4571327332697646483, -3285013039971199785)
fails (-31, -1975781842156211842, -4571327332697646483, -3285013039971199785)
fails (-16, -1975781842156211842, -4571327332697646483, -3285013039971199785)
fails (-8, -1975781842156211842, -4571327332697646483, -3285013039971199785)
fails (-4, -1975781842156211842, -4571327332697646483, -3285013039971199785)
fails (-2, -1975781842156211842, -4571327332697646483, -3285013039971199785)
fails (-1, -1975781842156211842, -4571327332697646483, -3285013039971199785)
fails (0, -1975781842156211842, -4571327332697646483, -3285013039971199785)
fails (0, -987890921078105921, -4571327332697646483, -3285013039971199785)
fails (0, -493945460539052961, -4571327332697646483, -3285013039971199785)
fails (0, -246972730269526481, -4571327332697646483, -3285013039971199785)
fails (0, -123486365134763241, -4571327332697646483, -3285013039971199785)
fails (0, -61743182567381621, -4571327332697646483, -3285013039971199785)
fails (0, -30871591283690811, -4571327332697646483, -3285013039971199785)
fails (0, -15435795641845406, -4571327332697646483, -3285013039971199785)
fails (0, -7717897820922703, -4571327332697646483, -3285013039971199785)
fails (0, -3858948910461352, -4571327332697646483, -3285013039971199785)
fails (0, -1929474455230676, -4571327332697646483, -3285013039971199785)
fails (0, -964737227615338, -4571327332697646483, -3285013039971199785)
fails (0, -482368613807669, -4571327332697646483, -3285013039971199785)
fails (0, -241184306903835, -4571327332697646483, -3285013039971199785)
fails (0, -120592153451918, -4571327332697646483, -3285013039971199785)
fails (0, -60296076725959, -4571327332697646483, -3285013039971199785)
fails (0, -30148038362980, -4571327332697646483, -3285013039971199785)
fails (0, -15074019181490, -4571327332697646483, -3285013039971199785)
fails (0, -7537009590745, -4571327332697646483, -3285013039971199785)
fails (0, -3768504795373, -4571327332697646483, -3285013039971199785)
fails (0, -1884252397687, -4571327332697646483, -3285013039971199785)
fails (0, -942126198844, -4571327332697646483, -3285013039971199785)
fails (0, -471063099422, -4571327332697646483, -3285013039971199785)
fails (0, -235531549711, -4571327332697646483, -3285013039971199785)
fails (0, -117765774856, -4571327332697646483, -3285013039971199785)
fails (0, -58882887428, -4571327332697646483, -3285013039971199785)
fails (0, -29441443714, -4571327332697646483, -3285013039971199785)
fails (0, -14720721857, -4571327332697646483, -3285013039971199785)
fails (0, -7360360929, -4571327332697646483, -3285013039971199785)
fails (0, -3680180465, -4571327332697646483, -3285013039971199785)
fails (0, -1840090233, -4571327332697646483, -3285013039971199785)
fails (0, -920045117, -4571327332697646483, -3285013039971199785)
fails (0, -460022559, -4571327332697646483, -3285013039971199785)
fails (0, -230011280, -4571327332697646483, -3285013039971199785)
fails (0, -115005640, -4571327332697646483, -3285013039971199785)
fails (0, -57502820, -4571327332697646483, -3285013039971199785)
fails (0, -28751410, -4571327332697646483, -3285013039971199785)
fails (0, -14375705, -4571327332697646483, -3285013039971199785)
fails (0, -7187853, -4571327332697646483, -3285013039971199785)
fails (0, -3593927, -4571327332697646483, -3285013039971199785)
fails (0, -1796964, -4571327332697646483, -3285013039971199785)
fails (0, -898482, -4571327332697646483, -3285013039971199785)
fails (0, -449241, -4571327332697646483, -3285013039971199785)
fails (0, -224621, -4571327332697646483, -3285013039971199785)
fails (0, -112311, -4571327332697646483, -3285013039971199785)
fails (0, -56156, -4571327332697646483, -3285013039971199785)
fails (0, -28078, -4571327332697646483, -3285013039971199785)
fails (0, -14039, -4571327332697646483, -3285013039971199785)
fails (0, -7020, -4571327332697646483, -3285013039971199785)
fails (0, -3510, -4571327332697646483, -3285013039971199785)
fails (0, -1755, -4571327332697646483, -3285013039971199785)
fails (0, -878, -4571327332697646483, -3285013039971199785)
fails (0, -439, -4571327332697646483, -3285013039971199785)
fails (0, -220, -4571327332697646483, -3285013039971199785)
fails (0, -110, -4571327332697646483, -3285013039971199785)
fails (0, -55, -4571327332697646483, -3285013039971199785)
fails (0, -28, -4571327332697646483, -3285013039971199785)
fails (0, -14, -4571327332697646483, -3285013039971199785)
fails (0, -7, -4571327332697646483, -3285013039971199785)
fails (0, -4, -4571327332697646483, -3285013039971199785)
fails (0, -2, -4571327332697646483, -3285013039971199785)
fails (0, -1, -4571327332697646483, -3285013039971199785)
holds (0, 0, -4571327332697646483, -3285013039971199785)
fails (0, -1, -2285663666348823242, -3285013039971199785)
holds (0, 0, -2285663666348823242, -3285013039971199785)
fails (0, -1, -1142831833174411621, -3285013039971199785)
holds (0, 0, -1142831833174411621, -3285013039971199785)
fails (0, -1, -571415916587205811, -3285013039971199785)
holds (0, 0, -571415916587205811, -3285013039971199785)
fails (0, -1, -285707958293602906, -3285013039971199785)
holds (0, 0, -285707958293602906, -3285013039971199785)
fails (0, -1, -142853979146801453, -3285013039971199785)
holds (0, 0, -142853979146801453, -3285013039971199785)
fails (0, -1, -71426989573400727, -3285013039971199785)
holds (0, 0, -71426989573400727, -3285013039971199785)
fails (0, -1, -35713494786700364, -3285013039971199785)
holds (0, 0, -35713494786700364, -3285013039971199785)
fails (0, -1, -17856747393350182, -3285013039971199785)
holds (0, 0, -17856747393350182, -3285013039971199785)
fails (0, -1, -8928373696675091, -3285013039971199785)
holds (0, 0, -8928373696675091, -3285013039971199785)
fails (0, -1, -4464186848337546, -3285013039971199785)
holds (0, 0, -4464186848337546, -3285013039971199785)
fails (0, -1, -2232093424168773, -3285013039971199785)
holds (0, 0, -2232093424168773, -3285013039971199785)
fails (0, -1, -1116046712084387, -3285013039971199785)
holds (0, 0, -1116046712084387, -3285013039971199785)
fails (0, -1, -558023356042194, -3285013039971199785)
holds (0, 0, -558023356042194, -3285013039971199785)
fails (0, -1, -279011678021097, -3285013039971199785)
holds (0, 0, -279011678021097, -3285013039971199785)
fails (0, -1, -139505839010549, -3285013039971199785)
holds (0, 0, -139505839010549, -3285013039971199785)
fails (0, -1, -69752919505275, -3285013039971199785)
holds (0, 0, -69752919505275, -3285013039971199785)
fails (0, -1, -34876459752638, -3285013039971199785)
holds (0, 0, -34876459752638, -3285013039971199785)
fails (0, -1, -17438229876319, -3285013039971199785)
holds (0, 0, -17438229876319, -3285013039971199785)
fails (0, -1, -8719114938160, -3285013039971199785)
holds (0, 0, -8719114938160, -3285013039971199785)
fails (0, -1, -4359557469080, -3285013039971199785)
holds (0, 0, -4359557469080, -3285013039971199785)
fails (0, -1, -2179778734540, -3285013039971199785)
holds (0, 0, -2179778734540, -3285013039971199785)
fails (0, -1, -1089889367270, -3285013039971199785)
holds (0, 0, -1089889367270, -3285013039971199785)
fails (0, -1, -544944683635, -3285013039971199785)
holds (0, 0, -544944683635, -3285013039971199785)
fails (0, -1, -272472341818, -3285013039971199785)
holds (0, 0, -272472341818, -3285013039971199785)
fails (0, -1, -136236170909, -3285013039971199785)
holds (0, 0, -136236170909, -3285013039971199785)
fails (0, -1, -68118085455, -3285013039971199785)
holds (0, 0, -68118085455, -3285013039971199785)
fails (0, -1, -34059042728, -3285013039971199785)
holds (0, 0, -34059042728, -3285013039971199785)
fails (0, -1, -17029521364, -3285013039971199785)
holds (0, 0, -17029521364, -3285013039971199785)
fails (0, -1, -8514760682, -3285013039971199785)
holds (0, 0, -8514760682, -3285013039971199785)
fails (0, -1, -4257380341, -3285013039971199785)
holds (0, 0, -4257380341, -3285013039971199785)
fails (0, -1, -2128690171, -3285013039971199785)
holds (0, 0, -2128690171, -3285013039971199785)
fails (0, -1, -1064345086, -3285013039971199785)
holds (0, 0, -1064345086, -3285013039971199785)
fails (0, -1, -532172543, -3285013039971199785)
holds (0, 0, -532172543, -3285013039971199785)
fails (0, -1, -266086272, -3285013039971199785)
holds (0, 0, -266086272, -3285013039971199785)
fails (0, -1, -133043136, -3285013039971199785)
holds (0, 0, -133043136, -3285013039971199785)
fails (0, -1, -66521568, -3285013039971199785)
holds (0, 0, -66521568, -3285013039971199785)
fails (0, -1, -33260784, -3285013039971199785)
holds (0, 0, -33260784, -3285013039971199785)
fails (0, -1, -16630392, -3285013039971199785)
holds (0, 0, -16630392, -3285013039971199785)
fails (0, -1, -8315196, -3285013039971199785)
holds (0, 0, -8315196, -3285013039971199785)
fails (0, -1, -4157598, -3285013039971199785)
holds (0, 0, -4157598, -3285013039971199785)
fails (0, -1, -2078799, -3285013039971199785)
holds (0, 0, -2078799, -3285013039971199785)
fails (0, -1, -1039400, -3285013039971199785)
holds (0, 0, -1039400, -3285013039971199785)
fails (0, -1, -519700, -3285013039971199785)
holds (0, 0, -519700, -3285013039971199785)
fails (0, -1, -259850, -3285013039971199785)
holds (0, 0, -259850, -3285013039971199785)
fails (0, -1, -129925, -3285013039971199785)
holds (0, 0, -129925, -3285013039971199785)
fails (0, -1, -64963, -3285013039971199785)
holds (0, 0, -64963, -3285013039971199785)
fails (0, -1, -32482, -3285013039971199785)
holds (0, 0, -32482, -3285013039971199785)
fails (0, -1, -16241, -3285013039971199785)
holds (0, 0, -16241, -3285013039971199785)
fails (0, -1, -8121, -3285013039971199785)
holds (0, 0, -8121, -3285013039971199785)
fails (0, -1, -4061, -3285013039971199785)
holds (0, 0, -4061, -3285013039971199785)
fails (0, -1, -2031, -3285013039971199785)
holds (0, 0, -2031, -3285013039971199785)
fails (0, -1, -1016, -3285013039971199785)
holds (0, 0, -1016, -3285013039971199785)
fails (0, -1, -508, -3285013039971199785)
holds (0, 0, -508, -3285013039971199785)
fails (0, -1, -254, -3285013039971199785)
holds (0, 0, -254, -3285013039971199785)
fails (0, -1, -127, -3285013039971199785)
holds (0, 0, -127, -3285013039971199785)
fails (0, -1, -64, -3285013039971199785)
holds (0, 0, -64, -3285013039971199785)
fails (0, -1, -32, -3285013039971199785)
holds (0, 0, -32, -3285013039971199785)
fails (0, -1, -16, -3285013039971199785)
holds (0, 0, -16, -3285013039971199785)
fails (0, -1, -8, -3285013039971199785)
holds (0, 0, -8, -3285013039971199785)
fails (0, -1, -4, -3285013039971199785)
holds (0, 0, -4, -3285013039971199785)
fails (0, -1, -2, -3285013039971199785)
holds (0, 0, -2, -3285013039971199785)
holds (0, -1, -1, -3285013039971199785)
fails (0, -1, -2, -1642506519985599893)
holds (0, 0, -2, -1642506519985599893)
holds (0, -1, -1, -1642506519985599893)
fails (0, -1, -2, -821253259992799947)
holds (0, 0, -2, -821253259992799947)
holds (0, -1, -1, -821253259992799947)
fails (0, -1, -2, -410626629996399974)
holds (0, 0, -2, -410626629996399974)
holds (0, -1, -1, -410626629996399974)
fails (0, -1, -2, -205313314998199987)
holds (0, 0, -2, -205313314998199987)
holds (0, -1, -1, -205313314998199987)
fails (0, -1, -2, -102656657499099994)
holds (0, 0, -2, -102656657499099994)
holds (0, -1, -1, -102656657499099994)
fails (0, -1, -2, -51328328749549997)
holds (0, 0, -2, -51328328749549997)
holds (0, -1, -1, -51328328749549997)
fails (0, -1, -2, -25664164374774999)
holds (0, 0, -2, -25664164374774999)
holds (0, -1, -1, -25664164374774999)
fails (0, -1, -2, -12832082187387500)
holds (0, 0, -2, -12832082187387500)
holds (0, -1, -1, -12832082187387500)
fails (0, -1, -2, -6416041093693750)
holds (0, 0, -2, -6416041093693750)
holds (0, -1, -1, -6416041093693750)
fails (0, -1, -2, -3208020546846875)
holds (0, 0, -2, -3208020546846875)
holds (0, -1, -1, -3208020546846875)
fails (0, -1, -2, -1604010273423438)
holds (0, 0, -2, -1604010273423438)
holds (0, -1, -1, -1604010273423438)
fails (0, -1, -2, -802005136711719)
holds (0, 0, -2, -802005136711719)
holds (0, -1, -1, -802005136711719)
fails (0, -1, -2, -401002568355860)
holds (0, 0, -2, -401002568355860)
holds (0, -1, -1, -401002568355860)
fails (0, -1, -2, -200501284177930)
holds (0, 0, -2, -200501284177930)
holds (0, -1, -1, -200501284177930)
fails (0, -1, -2, -100250642088965)
holds (0, 0, -2, -100250642088965)
holds (0, -1, -1, -100250642088965)
fails (0, -1, -2, -50125321044483)
holds (0, 0, -2, -50125321044483)
holds (0, -1, -1, -50125321044483)
fails (0, -1, -2, -25062660522242)
holds (0, 0, -2, -25062660522242)
holds (0, -1, -1, -25062660522242)
fails (0, -1, -2, -12531330261121)
holds (0, 0, -2, -12531330261121)
holds (0, -1, -1, -12531330261121)
fails (0, -1, -2, -6265665130561)
holds (0, 0, -2, -6265665130561)
holds (0, -1, -1, -6265665130561)
fails (0, -1, -2, -3132832565281)
holds (0, 0, -2, -3132832565281)
holds (0, -1, -1, -3132832565281)
fails (0, -1, -2, -1566416282641)
holds (0, 0, -2, -1566416282641)
holds (0, -1, -1, -1566416282641)
fails (0, -1, -2, -783208141321)
holds (0, 0, -2, -783208141321)
holds (0, -1, -1, -783208141321)
fails (0, -1, -2, -391604070661)
holds (0, 0, -2, -391604070661)
holds (0, -1, -1, -391604070661)
fails (0, -1, -2, -195802035331)
holds (0, 0, -2, -195802035331)
holds (0, -1, -1, -195802035331)
fails (0, -1, -2, -97901017666)
holds (0, 0, -2, -97901017666)
holds (0, -1, -1, -97901017666)
fails (0, -1, -2, -48950508833)
holds (0, 0, -2, -48950508833)
holds (0, -1, -1, -48950508833)
fails (0, -1, -2, -24475254417)
holds (0, 0, -2, -24475254417)
holds (0, -1, -1, -24475254417)
fails (0, -1, -2, -12237627209)
holds (0, 0, -2, -12237627209)
holds (0, -1, -1, -12237627209)
fails (0, -1, -2, -6118813605)
holds (0, 0, -2, -6118813605)
holds (0, -1, -1, -6118813605)
fails (0, -1, -2, -3059406803)
holds (0, 0, -2, -3059406803)
holds (0, -1, -1, -3059406803)
fails (0, -1, -2, -1529703402)
holds (0, 0, -2, -1529703402)
holds (0, -1, -1, -1529703402)
fails (0, -1, -2, -764851701)
holds (0, 0, -2, -764851701)
holds (0, -1, -1, -764851701)
fails (0, -1, -2, -382425851)
holds (0, 0, -2, -382425851)
holds (0, -1, -1, -382425851)
fails (0, -1, -2, -191212926)
holds (0, 0, -2, -191212926)
holds (0, -1, -1, -191212926)
fails (0, -1, -2, -95606463)
holds (0, 0, -2, -95606463)
holds (0, -1, -1, -95606463)
fails (0, -1, -2, -47803232)
holds (0, 0, -2, -47803232)
holds (0, -1, -1, -47803232)
fails (0, -1, -2, -23901616)
holds (0, 0, -2, -23901616)
holds (0, -1, -1, -23901616)
fails (0, -1, -2, -11950808)
holds (0, 0, -2, -11950808)
holds (0, -1, -1, -11950808)
fails (0, -1, -2, -5975404)
holds (0, 0, -2, -5975404)
holds (0, -1, -1, -5975404)
fails (0, -1, -2, -2987702)
holds (0, 0, -2, -2987702)
holds (0, -1, -1, -2987702)
fails (0, -1, -2, -1493851)
holds (0, 0, -2, -1493851)
holds (0, -1, -1, -1493851)
fails (0, -1, -2, -746926)
holds (0, 0, -2, -746926)
holds (0, -1, -1, -746926)
fails (0, -1, -2, -373463)
holds (0, 0, -2, -373463)
holds (0, -1, -1, -373463)
fails (0, -1, -2, -186732)
holds (0, 0, -2, -186732)
holds (0, -1, -1, -186732)
fails (0, -1, -2, -93366)
holds (0, 0, -2, -93366)
holds (0, -1, -1, -93366)
fails (0, -1, -2, -46683)
holds (0, 0, -2, -46683)
holds (0, -1, -1, -46683)
fails (0, -1, -2, -23342)
holds (0, 0, -2, -23342)
holds (0, -1, -1, -23342)
fails (0, -1, -2, -11671)
holds (0, 0, -2, -11671)
holds (0, -1, -1, -11671)
fails (0, -1, -2, -5836)
holds (0, 0, -2, -5836)
holds (0, -1, -1, -5836)
fails (0, -1, -2, -2918)
holds (0, 0, -2, -2918)
holds (0, -1, -1, -2918)
fails (0, -1, -2, -1459)
holds (0, 0, -2, -1459)
holds (0, -1, -1, -1459)
fails (0, -1, -2, -730)
holds (0, 0, -2, -730)
holds (0, -1, -1, -730)
fails (0, -1, -2, -365)
holds (0, 0, -2, -365)
holds (0, -1, -1, -365)
fails (0, -1, -2, -183)
holds (0, 0, -2, -183)
holds (0, -1, -1, -183)
fails (0, -1, -2, -92)
holds (0, 0, -2, -92)
holds (0, -1, -1, -92)
fails (0, -1, -2, -46)
holds (0, 0, -2, -46)
holds (0, -1, -1, -46)
fails (0, -1, -2, -23)
holds (0, 0, -2, -23)
holds (0, -1, -1, -23)
fails (0, -1, -2, -12)
holds (0, 0, -2, -12)
holds (0, -1, -1, -12)
fails (0, -1, -2, -6)
holds (0, 0, -2, -6)
holds (0, -1, -1, -6)
fails (0, -1, -2, -3)
holds (0, 0, -2, -3)
holds (0, -1, -1, -3)
holds (0, -1, -2, -2)
holds (0, -1, -2, -2)
