fails "(Z\139\244"
holds ""
fails "\146\138"
holds ""
fails "\145"
holds ""
fails "a"
