fails "(Z\139\244"
fails "Z\139\244"
fails "\139\244"
fails "\244"
holds ""
