fails Node (Leaf 174, Leaf 31)
fails Leaf 174
fails Leaf 87
fails Leaf 44
fails Leaf 22
fails Leaf 11
fails Leaf 6
fails Leaf 3
fails Leaf 2
fails Leaf 1
fails Leaf 0
