fails Node (Leaf 174, Leaf 31)
fails Leaf 9
fails Leaf 0
